Already created file